// Jest Snapshot v1, https://goo.gl/fbAQLP

exports[`LoadingComponent Component Render 1`] = `
<DocumentFragment>
  value
</DocumentFragment>
`;

exports[`LoadingComponent Component loading Render 1`] = `
<DocumentFragment>
  <svg
    height="20px"
    preserveAspectRatio="xMidYMid"
    viewBox="0 0 100 100"
    width="20px"
  >
    <circle
      cx="16"
      cy="50"
      fill="#e15b64"
      r="10"
    >
      <animate
        attributeName="r"
        begin="0s"
        calcMode="spline"
        dur="1.8518518518518516s"
        keySplines="0 0.5 0.5 1;0 0.5 0.5 1;0 0.5 0.5 1;0 0.5 0.5 1"
        keyTimes="0;0.25;0.5;0.75;1"
        repeatCount="indefinite"
        values="0;0;10;10;10"
      />
      <animate
        attributeName="cx"
        begin="0s"
        calcMode="spline"
        dur="1.8518518518518516s"
        keySplines="0 0.5 0.5 1;0 0.5 0.5 1;0 0.5 0.5 1;0 0.5 0.5 1"
        keyTimes="0;0.25;0.5;0.75;1"
        repeatCount="indefinite"
        values="16;16;16;50;84"
      />
    </circle>
    <circle
      cx="50"
      cy="50"
      fill="#f47e60"
      r="10"
    >
      <animate
        attributeName="r"
        begin="-0.4629629629629629s"
        calcMode="spline"
        dur="1.8518518518518516s"
        keySplines="0 0.5 0.5 1;0 0.5 0.5 1;0 0.5 0.5 1;0 0.5 0.5 1"
        keyTimes="0;0.25;0.5;0.75;1"
        repeatCount="indefinite"
        values="0;0;10;10;10"
      />
      <animate
        attributeName="cx"
        begin="-0.4629629629629629s"
        calcMode="spline"
        dur="1.8518518518518516s"
        keySplines="0 0.5 0.5 1;0 0.5 0.5 1;0 0.5 0.5 1;0 0.5 0.5 1"
        keyTimes="0;0.25;0.5;0.75;1"
        repeatCount="indefinite"
        values="16;16;16;50;84"
      />
    </circle>
    <circle
      cx="84"
      cy="50"
      fill="#f8b26a"
      r="10"
    >
      <animate
        attributeName="r"
        begin="-0.9259259259259258s"
        calcMode="spline"
        dur="1.8518518518518516s"
        keySplines="0 0.5 0.5 1;0 0.5 0.5 1;0 0.5 0.5 1;0 0.5 0.5 1"
        keyTimes="0;0.25;0.5;0.75;1"
        repeatCount="indefinite"
        values="0;0;10;10;10"
      />
      <animate
        attributeName="cx"
        begin="-0.9259259259259258s"
        calcMode="spline"
        dur="1.8518518518518516s"
        keySplines="0 0.5 0.5 1;0 0.5 0.5 1;0 0.5 0.5 1;0 0.5 0.5 1"
        keyTimes="0;0.25;0.5;0.75;1"
        repeatCount="indefinite"
        values="16;16;16;50;84"
      />
    </circle>
    <circle
      cx="16"
      cy="50"
      fill="#abbd81"
      r="10"
    >
      <animate
        attributeName="r"
        begin="-1.3888888888888888s"
        calcMode="spline"
        dur="1.8518518518518516s"
        keySplines="0 0.5 0.5 1;0 0.5 0.5 1;0 0.5 0.5 1;0 0.5 0.5 1"
        keyTimes="0;0.25;0.5;0.75;1"
        repeatCount="indefinite"
        values="0;0;10;10;10"
      />
      <animate
        attributeName="cx"
        begin="-1.3888888888888888s"
        calcMode="spline"
        dur="1.8518518518518516s"
        keySplines="0 0.5 0.5 1;0 0.5 0.5 1;0 0.5 0.5 1;0 0.5 0.5 1"
        keyTimes="0;0.25;0.5;0.75;1"
        repeatCount="indefinite"
        values="16;16;16;50;84"
      />
    </circle>
  </svg>
</DocumentFragment>
`;
