// Vitest Snapshot v1, https://vitest.dev/guide/snapshot.html

exports[`xxxxxxxx > Chains Component Render 1`] = `
<DocumentFragment>
  <div />
</DocumentFragment>
`;
