// Jest Snapshot v1, https://goo.gl/fbAQLP

exports[`Chains Component Render 1`] = `
<DocumentFragment>
  <div />
</DocumentFragment>
`;
