// Jest Snapshot v1, https://goo.gl/fbAQLP

exports[`TestComponent Component Render 1`] = `
<DocumentFragment>
  <span>
    TestComponent
  </span>
</DocumentFragment>
`;
