// Jest Snapshot v1, https://goo.gl/fbAQLP

exports[`GridContainer Component Render 1`] = `
<DocumentFragment>
  <div
    class="MuiGrid-root makeStyles-grid-1  MuiGrid-container"
  />
</DocumentFragment>
`;

exports[`TestComponent Component Render 1`] = `
<DocumentFragment>
  <span>
    TestComponent
  </span>
</DocumentFragment>
`;
