// Vitest Snapshot v1, https://vitest.dev/guide/snapshot.html

exports[`xxxxxxxx > GridContainer Component Render 1`] = `
<DocumentFragment>
  <div
    class="MuiGrid-root makeStyles-grid-1  MuiGrid-container"
  />
</DocumentFragment>
`;
