// Jest Snapshot v1, https://goo.gl/fbAQLP

exports[`GridItem Component Render 1`] = `
<DocumentFragment>
  <div
    class="MuiGrid-root makeStyles-grid-1  MuiGrid-item"
  />
</DocumentFragment>
`;
