// Vitest Snapshot v1, https://vitest.dev/guide/snapshot.html

exports[`GridItem Component Render 1`] = `
<DocumentFragment>
  <div
    class="MuiGrid-root makeStyles-grid-1  MuiGrid-item"
  />
</DocumentFragment>
`;
