// Vitest Snapshot v1, https://vitest.dev/guide/snapshot.html

exports[`AmmSection Component Render 1`] = `
<DocumentFragment>
  <div
    class="makeStyles-section-1"
  >
    <h2>
      Major integrations
    </h2>
    <h4
      class="makeStyles-title-3"
    >
      Bank of Chain integrates with the major chain of DeFi and the worldâ€™s top 8 stablecoins, optimizing 14 AMM and lending pools.
    </h4>
    <div
      class="MuiTabs-root makeStyles-tabsRoot-13"
    >
      <div
        class="MuiTabs-scroller MuiTabs-fixed"
        style="overflow: hidden;"
      >
        <div
          class="MuiTabs-flexContainer MuiTabs-centered"
          role="tablist"
        >
          <button
            aria-selected="true"
            class="MuiButtonBase-root MuiTab-root makeStyles-tabRootButton-14 MuiTab-textColorInherit Mui-selected makeStyles-tabSelected-15"
            role="tab"
            tabindex="0"
            type="button"
          >
            <span
              class="MuiTab-wrapper makeStyles-tabWrapper-16"
            >
              Stablecoins
            </span>
            <span
              class="MuiTouchRipple-root"
            />
          </button>
          <button
            aria-selected="false"
            class="MuiButtonBase-root MuiTab-root makeStyles-tabRootButton-14 MuiTab-textColorInherit"
            role="tab"
            tabindex="-1"
            type="button"
          >
            <span
              class="MuiTab-wrapper makeStyles-tabWrapper-16"
            >
              Major Chain(s)
            </span>
            <span
              class="MuiTouchRipple-root"
            />
          </button>
          <button
            aria-selected="false"
            class="MuiButtonBase-root MuiTab-root makeStyles-tabRootButton-14 MuiTab-textColorInherit"
            role="tab"
            tabindex="-1"
            type="button"
          >
            <span
              class="MuiTab-wrapper makeStyles-tabWrapper-16"
            >
              Protocols
            </span>
            <span
              class="MuiTouchRipple-root"
            />
          </button>
        </div>
        <span
          class="PrivateTabIndicator-root-17 PrivateTabIndicator-colorSecondary-19 MuiTabs-indicator makeStyles-displayNone-12"
          style="left: 0px; width: 0px;"
        />
      </div>
    </div>
    <div>
      <div
        class="MuiGrid-root makeStyles-grid-21 makeStyles-iconContainer-2 MuiGrid-item MuiGrid-grid-xs-12 MuiGrid-grid-sm-12 MuiGrid-grid-md-12"
      >
        <div
          class="makeStyles-item-4"
        >
          <img
            alt="DAI"
            class="makeStyles-img-6"
            src="/images/0x6B175474E89094C44Da98b954EedeAC495271d0F.png"
          />
          <p
            class="makeStyles-text-8"
          >
            DAI
          </p>
        </div>
        <div
          class="makeStyles-item-4"
        >
          <img
            alt="USDC"
            class="makeStyles-img-6"
            src="/images/0xA0b86991c6218b36c1d19D4a2e9Eb0cE3606eB48.png"
          />
          <p
            class="makeStyles-text-8"
          >
            USDC
          </p>
        </div>
        <div
          class="makeStyles-item-4"
        >
          <img
            alt="USDT"
            class="makeStyles-img-6"
            src="/images/0xdAC17F958D2ee523a2206206994597C13D831ec7.png"
          />
          <p
            class="makeStyles-text-8"
          >
            USDT
          </p>
        </div>
        <div
          class="makeStyles-item-4"
        >
          <img
            alt="BUSD"
            class="makeStyles-img-6"
            src="/images/0x4Fabb145d64652a948d72533023f6E7A623C7C53.png"
          />
          <p
            class="makeStyles-text-8"
          >
            BUSD
          </p>
        </div>
        <div
          class="makeStyles-item-4"
        >
          <img
            alt="TUSD"
            class="makeStyles-img-6"
            src="/images/0x0000000000085d4780B73119b644AE5ecd22b376.png"
          />
          <p
            class="makeStyles-text-8"
          >
            TUSD
          </p>
        </div>
        <div
          class="makeStyles-item-4"
        >
          <img
            alt="LUSD"
            class="makeStyles-img-6"
            src="/images/0x5f98805A4E8be255a32880FDeC7F6728C6568bA0.png"
          />
          <p
            class="makeStyles-text-8"
          >
            LUSD
          </p>
        </div>
        <div
          class="makeStyles-item-4"
        >
          <img
            alt="GUSD"
            class="makeStyles-img-6"
            src="/images/0x056Fd409E1d7A124BD7017459dFEa2F387b6d5Cd.png"
          />
          <p
            class="makeStyles-text-8"
          >
            GUSD
          </p>
        </div>
        <div
          class="makeStyles-item-4"
        >
          <img
            alt="SUSD"
            class="makeStyles-img-6"
            src="/images/0x57Ab1ec28D129707052df4dF418D58a2D46d5f51.png"
          />
          <p
            class="makeStyles-text-8"
          >
            SUSD
          </p>
        </div>
      </div>
    </div>
  </div>
</DocumentFragment>
`;
